  $ ../../../../../install/default/bin/stanc elt_divide_equals_prim.stan
Semantic error at file "elt_divide_equals_prim.stan", line 4, characters 2-10:
 >   x ./= y;
Ill-typed arguments supplied to assignment operator ./=: lhs has type real and rhs has type real. Available signatures:
(vector, vector) => void
(vector, int) => void
(vector, real) => void
(row_vector, row_vector) => void
(row_vector, int) => void
(matrix, int) => void
(row_vector, real) => void
(matrix, real) => void
(matrix, matrix) => void
  $ ../../../../../install/default/bin/stanc elt_times_equals_prim.stan
 >   x .*= y;
Semantic error at file "elt_times_equals_prim.stan", line 4, characters 2-10:
Ill-typed arguments supplied to assignment operator .*=: lhs has type real and rhs has type real. Available signatures:
(vector, vector) => void
(row_vector, row_vector) => void
(matrix, matrix) => void
  $ ../../../../../install/default/bin/stanc plus_equals_bad_init.stan
Syntax error at file "plus_equals_bad_init.stan", line 3, characters 12-19, parsing error:
 >   vector[3] gq_v3_b += gq_v3_a;
";" or plain assignment is expected after a top-level variable declaration.

  $ ../../../../../install/default/bin/stanc plus_equals_bad_lhs_idxs.stan
Semantic error at file "plus_equals_bad_lhs_idxs.stan", line 4, characters 2-14:
 >   x[3,3] += y;
Only expressions of array, matrix, row_vector and vector type may be indexed. Instead, found type real.
  $ ../../../../../install/default/bin/stanc plus_equals_bad_var_lhs.stan
Semantic error at file "plus_equals_bad_var_lhs.stan", line 3, characters 4-14:
 >     foo += a1;
Ill-typed arguments supplied to assignment operator +=: lhs has type (real) => real and rhs has type real. Available signatures:
(vector, vector) => void
(vector, int) => void
(vector, real) => void
(row_vector, row_vector) => void
(row_vector, int) => void
(real, int) => void
(matrix, int) => void
(row_vector, real) => void
(real, real) => void
(matrix, real) => void
(matrix, matrix) => void
(int, int) => void
  $ ../../../../../install/default/bin/stanc plus_equals_bad_var_lhs2.stan
Semantic error at file "plus_equals_bad_var_lhs2.stan", line 6, characters 2-9:
 >   x += y;
Cannot assign to global variable x declared in previous blocks.
  $ ../../../../../install/default/bin/stanc plus_equals_bad_var_rhs.stan
Semantic error at file "plus_equals_bad_var_rhs.stan", line 4, characters 11-13:
 >     lf2 += a2;
Identifier a2 not in scope.
  $ ../../../../../install/default/bin/stanc plus_equals_matrix_array.stan
Semantic error at file "plus_equals_matrix_array.stan", line 7, characters 2-9:
 >   x += y;
Ill-typed arguments supplied to assignment operator +=: lhs has type matrix[] and rhs has type matrix[]. Available signatures:
(vector, vector) => void
(vector, int) => void
(vector, real) => void
(row_vector, row_vector) => void
(row_vector, int) => void
(real, int) => void
(matrix, int) => void
(row_vector, real) => void
(real, real) => void
(matrix, real) => void
(matrix, matrix) => void
(int, int) => void
  $ ../../../../../install/default/bin/stanc plus_equals_matrix_array2.stan
Semantic error at file "plus_equals_matrix_array2.stan", line 7, characters 2-17:
 >   x[3] += y[3,1];
Ill-typed arguments supplied to assignment operator +=: lhs has type matrix and rhs has type row_vector. Available signatures:
(vector, vector) => void
(vector, int) => void
(vector, real) => void
(row_vector, row_vector) => void
(row_vector, int) => void
(real, int) => void
(matrix, int) => void
(row_vector, real) => void
(real, real) => void
(matrix, real) => void
(matrix, matrix) => void
(int, int) => void
  $ ../../../../../install/default/bin/stanc plus_equals_matrix_shape_mismatch.stan
Syntax error at file "plus_equals_matrix_shape_mismatch.stan", line 4, characters 9-10, parsing error:
 >   vector[2,2] ident = [[1, 0], [0, 1]];
"[" expression "]" expected for vector size.

  $ ../../../../../install/default/bin/stanc plus_equals_prim_array.stan
 >   x += y;
Semantic error at file "plus_equals_prim_array.stan", line 5, characters 2-9:
Ill-typed arguments supplied to assignment operator +=: lhs has type real[] and rhs has type real[]. Available signatures:
(vector, vector) => void
(vector, int) => void
(vector, real) => void
(row_vector, row_vector) => void
(row_vector, int) => void
(real, int) => void
(matrix, int) => void
(row_vector, real) => void
(real, real) => void
(matrix, real) => void
(matrix, matrix) => void
(int, int) => void
  $ ../../../../../install/default/bin/stanc plus_equals_row_vec_array.stan
Semantic error at file "plus_equals_row_vec_array.stan", line 5, characters 2-9:
 >   x += y;
Ill-typed arguments supplied to assignment operator +=: lhs has type row_vector[] and rhs has type row_vector[]. Available signatures:
(vector, vector) => void
(vector, int) => void
(vector, real) => void
(row_vector, row_vector) => void
(row_vector, int) => void
(real, int) => void
(matrix, int) => void
(row_vector, real) => void
(real, real) => void
(matrix, real) => void
(matrix, matrix) => void
(int, int) => void
  $ ../../../../../install/default/bin/stanc plus_equals_sliced.stan
 >     aa[J,1] += bb[1:2,1:2];
Semantic error at file "plus_equals_sliced.stan", line 6, characters 4-27:
Ill-typed arguments supplied to assignment operator +=: lhs has type vector and rhs has type matrix. Available signatures:
(vector, vector) => void
(vector, int) => void
(vector, real) => void
(row_vector, row_vector) => void
(row_vector, int) => void
(real, int) => void
(matrix, int) => void
(row_vector, real) => void
(real, real) => void
(matrix, real) => void
(matrix, matrix) => void
(int, int) => void
  $ ../../../../../install/default/bin/stanc plus_equals_type_mismatch.stan
Semantic error at file "plus_equals_type_mismatch.stan", line 4, characters 2-9:
 >   x += y;
Ill-typed arguments supplied to assignment operator +=: lhs has type int and rhs has type real. Available signatures:
(vector, vector) => void
(vector, int) => void
(vector, real) => void
(row_vector, row_vector) => void
(row_vector, int) => void
(real, int) => void
(matrix, int) => void
(row_vector, real) => void
(real, real) => void
(matrix, real) => void
(matrix, matrix) => void
(int, int) => void
  $ ../../../../../install/default/bin/stanc plus_equals_type_mismatch2.stan
Semantic error at file "plus_equals_type_mismatch2.stan", line 4, characters 2-9:
 >   x += y;
Ill-typed arguments supplied to assignment operator +=: lhs has type real and rhs has type vector. Available signatures:
(vector, vector) => void
(vector, int) => void
(vector, real) => void
(row_vector, row_vector) => void
(row_vector, int) => void
(real, int) => void
(matrix, int) => void
(row_vector, real) => void
(real, real) => void
(matrix, real) => void
(matrix, matrix) => void
(int, int) => void
  $ ../../../../../install/default/bin/stanc plus_equals_vector_array.stan
Semantic error at file "plus_equals_vector_array.stan", line 5, characters 2-9:
 >   x += y;
Ill-typed arguments supplied to assignment operator +=: lhs has type vector[] and rhs has type vector[]. Available signatures:
(vector, vector) => void
(vector, int) => void
(vector, real) => void
(row_vector, row_vector) => void
(row_vector, int) => void
(real, int) => void
(matrix, int) => void
(row_vector, real) => void
(real, real) => void
(matrix, real) => void
(matrix, matrix) => void
(int, int) => void
  $ ../../../../../install/default/bin/stanc times_equals_matrix_array.stan
Semantic error at file "times_equals_matrix_array.stan", line 5, characters 2-19:
 >   x[3,1] *= y[3,1];
Ill-typed arguments supplied to assignment operator *=: lhs has type row_vector and rhs has type row_vector. Available signatures:
(vector, int) => void
(vector, real) => void
(row_vector, matrix) => void
(row_vector, int) => void
(real, int) => void
(matrix, int) => void
(row_vector, real) => void
(real, real) => void
(matrix, real) => void
(matrix, matrix) => void
(int, int) => void
