  $ ../../../../../install/default/bin/stanc STAN_MAJOR.stan

Semantic error at file "STAN_MAJOR.stan", line 2, characters 7-17:
 >   real STAN_MAJOR;
Identifier STAN_MAJOR clashes with reserved keyword.

  $ ../../../../../install/default/bin/stanc STAN_MATH_MAJOR.stan

Semantic error at file "STAN_MATH_MAJOR.stan", line 2, characters 7-22:
 >   real STAN_MATH_MAJOR;
Identifier STAN_MATH_MAJOR clashes with reserved keyword.

  $ ../../../../../install/default/bin/stanc STAN_MATH_MINOR.stan

Semantic error at file "STAN_MATH_MINOR.stan", line 2, characters 7-22:
 >   real STAN_MATH_MINOR;
Identifier STAN_MATH_MINOR clashes with reserved keyword.

  $ ../../../../../install/default/bin/stanc STAN_MATH_PATCH.stan

Semantic error at file "STAN_MATH_PATCH.stan", line 2, characters 7-22:
 >   real STAN_MATH_PATCH;
Identifier STAN_MATH_PATCH clashes with reserved keyword.

  $ ../../../../../install/default/bin/stanc STAN_MINOR.stan

Semantic error at file "STAN_MINOR.stan", line 2, characters 7-17:
 >   real STAN_MINOR;
Identifier STAN_MINOR clashes with reserved keyword.

  $ ../../../../../install/default/bin/stanc STAN_PATCH.stan

Semantic error at file "STAN_PATCH.stan", line 2, characters 7-17:
 >   real STAN_PATCH;
Identifier STAN_PATCH clashes with reserved keyword.

  $ ../../../../../install/default/bin/stanc alignas.stan

Semantic error at file "alignas.stan", line 2, characters 7-14:
 >   real alignas;
Identifier alignas clashes with reserved keyword.

  $ ../../../../../install/default/bin/stanc alignof.stan

Semantic error at file "alignof.stan", line 2, characters 7-14:
 >   real alignof;
Identifier alignof clashes with reserved keyword.

  $ ../../../../../install/default/bin/stanc and.stan

Semantic error at file "and.stan", line 2, characters 7-10:
 >   real and;
Identifier and clashes with reserved keyword.

  $ ../../../../../install/default/bin/stanc and_eq.stan

Semantic error at file "and_eq.stan", line 2, characters 7-13:
 >   real and_eq;
Identifier and_eq clashes with reserved keyword.

  $ ../../../../../install/default/bin/stanc asm.stan

Semantic error at file "asm.stan", line 2, characters 7-10:
 >   real asm;
Identifier asm clashes with reserved keyword.

  $ ../../../../../install/default/bin/stanc auto.stan

Semantic error at file "auto.stan", line 2, characters 7-11:
 >   real auto;
Identifier auto clashes with reserved keyword.

  $ ../../../../../install/default/bin/stanc bitand.stan

Semantic error at file "bitand.stan", line 2, characters 7-13:
 >   real bitand;
Identifier bitand clashes with reserved keyword.

  $ ../../../../../install/default/bin/stanc bitor.stan

Semantic error at file "bitor.stan", line 2, characters 7-12:
 >   real bitor;
Identifier bitor clashes with reserved keyword.

  $ ../../../../../install/default/bin/stanc bool.stan

Semantic error at file "bool.stan", line 2, characters 7-11:
 >   real bool;
Identifier bool clashes with reserved keyword.

  $ ../../../../../install/default/bin/stanc break.stan

Syntax error at file "break.stan", line 2, characters 2-6, parsing error:
 >   real break;
Identifier expected after type in top-level variable declaration.

  $ ../../../../../install/default/bin/stanc case.stan

Semantic error at file "case.stan", line 2, characters 7-11:
 >   real case;
Identifier case clashes with reserved keyword.

  $ ../../../../../install/default/bin/stanc catch.stan

Semantic error at file "catch.stan", line 2, characters 7-12:
 >   real catch;
Identifier catch clashes with reserved keyword.

  $ ../../../../../install/default/bin/stanc char.stan

Semantic error at file "char.stan", line 2, characters 7-11:
 >   real char;
Identifier char clashes with reserved keyword.

  $ ../../../../../install/default/bin/stanc char16_t.stan

Semantic error at file "char16_t.stan", line 2, characters 7-15:
 >   real char16_t;
Identifier char16_t clashes with reserved keyword.

  $ ../../../../../install/default/bin/stanc char32_t.stan

Semantic error at file "char32_t.stan", line 2, characters 7-15:
 >   real char32_t;
Identifier char32_t clashes with reserved keyword.

  $ ../../../../../install/default/bin/stanc cholesky_factor_corr.stan

Syntax error at file "cholesky_factor_corr.stan", line 2, characters 2-6, parsing error:
 >   real cholesky_factor_corr;
Identifier expected after type in top-level variable declaration.

  $ ../../../../../install/default/bin/stanc cholesky_factor_cov.stan

Syntax error at file "cholesky_factor_cov.stan", line 2, characters 2-6, parsing error:
 >   real cholesky_factor_cov;
Identifier expected after type in top-level variable declaration.

  $ ../../../../../install/default/bin/stanc class.stan

Semantic error at file "class.stan", line 2, characters 7-12:
 >   real class;
Identifier class clashes with reserved keyword.

  $ ../../../../../install/default/bin/stanc compl.stan

Semantic error at file "compl.stan", line 2, characters 7-12:
 >   real compl;
Identifier compl clashes with reserved keyword.

  $ ../../../../../install/default/bin/stanc const.stan

Semantic error at file "const.stan", line 2, characters 7-12:
 >   real const;
Identifier const clashes with reserved keyword.

  $ ../../../../../install/default/bin/stanc const_cast.stan

Semantic error at file "const_cast.stan", line 2, characters 7-17:
 >   real const_cast;
Identifier const_cast clashes with reserved keyword.

  $ ../../../../../install/default/bin/stanc constexpr.stan

Semantic error at file "constexpr.stan", line 2, characters 7-16:
 >   real constexpr;
Identifier constexpr clashes with reserved keyword.

  $ ../../../../../install/default/bin/stanc continue.stan

Syntax error at file "continue.stan", line 2, characters 2-6, parsing error:
 >   real continue;
Identifier expected after type in top-level variable declaration.

  $ ../../../../../install/default/bin/stanc corr_matrix.stan

Syntax error at file "corr_matrix.stan", line 2, characters 2-6, parsing error:
 >   real corr_matrix;
Identifier expected after type in top-level variable declaration.

  $ ../../../../../install/default/bin/stanc cov_matrix.stan

Syntax error at file "cov_matrix.stan", line 2, characters 2-6, parsing error:
 >   real cov_matrix;
Identifier expected after type in top-level variable declaration.

  $ ../../../../../install/default/bin/stanc decltype.stan

Semantic error at file "decltype.stan", line 2, characters 7-15:
 >   real decltype;
Identifier decltype clashes with reserved keyword.

  $ ../../../../../install/default/bin/stanc default.stan

Semantic error at file "default.stan", line 2, characters 7-14:
 >   real default;
Identifier default clashes with reserved keyword.

  $ ../../../../../install/default/bin/stanc delete.stan

Semantic error at file "delete.stan", line 2, characters 7-13:
 >   real delete;
Identifier delete clashes with reserved keyword.

  $ ../../../../../install/default/bin/stanc do.stan

Semantic error at file "do.stan", line 2, characters 7-9:
 >   real do;
Identifier do clashes with reserved keyword.

  $ ../../../../../install/default/bin/stanc double.stan

Semantic error at file "double.stan", line 2, characters 7-13:
 >   real double;
Identifier double clashes with reserved keyword.

  $ ../../../../../install/default/bin/stanc dynamic_cast.stan

Semantic error at file "dynamic_cast.stan", line 2, characters 7-19:
 >   real dynamic_cast;
Identifier dynamic_cast clashes with reserved keyword.

  $ ../../../../../install/default/bin/stanc else.stan

Syntax error at file "else.stan", line 2, characters 2-6, parsing error:
 >   real else;
Identifier expected after type in top-level variable declaration.

  $ ../../../../../install/default/bin/stanc enum.stan

Semantic error at file "enum.stan", line 2, characters 7-11:
 >   real enum;
Identifier enum clashes with reserved keyword.

  $ ../../../../../install/default/bin/stanc explicit.stan

Semantic error at file "explicit.stan", line 2, characters 7-15:
 >   real explicit;
Identifier explicit clashes with reserved keyword.

  $ ../../../../../install/default/bin/stanc export.stan

Semantic error at file "export.stan", line 2, characters 7-13:
 >   real export;
Identifier export clashes with reserved keyword.

  $ ../../../../../install/default/bin/stanc extern.stan

Semantic error at file "extern.stan", line 2, characters 7-13:
 >   real extern;
Identifier extern clashes with reserved keyword.

  $ ../../../../../install/default/bin/stanc false.stan

Semantic error at file "false.stan", line 2, characters 7-12:
 >   real false;
Identifier false clashes with reserved keyword.

  $ ../../../../../install/default/bin/stanc float.stan

Semantic error at file "float.stan", line 2, characters 7-12:
 >   real float;
Identifier float clashes with reserved keyword.

  $ ../../../../../install/default/bin/stanc for.stan

Syntax error at file "for.stan", line 2, characters 2-6, parsing error:
 >   real for;
Identifier expected after type in top-level variable declaration.

  $ ../../../../../install/default/bin/stanc friend.stan

Semantic error at file "friend.stan", line 2, characters 7-13:
 >   real friend;
Identifier friend clashes with reserved keyword.

  $ ../../../../../install/default/bin/stanc fvar.stan

Semantic error at file "fvar.stan", line 2, characters 7-11:
 >   real fvar;
Identifier fvar clashes with reserved keyword.

  $ ../../../../../install/default/bin/stanc goto.stan

Semantic error at file "goto.stan", line 2, characters 7-11:
 >   real goto;
Identifier goto clashes with reserved keyword.

  $ ../../../../../install/default/bin/stanc if.stan

Syntax error at file "if.stan", line 2, characters 2-6, parsing error:
 >   real if;
Identifier expected after type in top-level variable declaration.

  $ ../../../../../install/default/bin/stanc in.stan

Syntax error at file "in.stan", line 2, characters 2-6, parsing error:
 >   real in;
Identifier expected after type in top-level variable declaration.

  $ ../../../../../install/default/bin/stanc inline.stan

Semantic error at file "inline.stan", line 2, characters 7-13:
 >   real inline;
Identifier inline clashes with reserved keyword.

  $ ../../../../../install/default/bin/stanc int.stan

Syntax error at file "int.stan", line 2, characters 2-6, parsing error:
 >   real int;
Identifier expected after type in top-level variable declaration.

  $ ../../../../../install/default/bin/stanc long.stan

Semantic error at file "long.stan", line 2, characters 7-11:
 >   real long;
Identifier long clashes with reserved keyword.

  $ ../../../../../install/default/bin/stanc matrix.stan

Syntax error at file "matrix.stan", line 2, characters 2-6, parsing error:
 >   real matrix;
Identifier expected after type in top-level variable declaration.

  $ ../../../../../install/default/bin/stanc mutable.stan

Semantic error at file "mutable.stan", line 2, characters 7-14:
 >   real mutable;
Identifier mutable clashes with reserved keyword.

  $ ../../../../../install/default/bin/stanc namespace.stan

Semantic error at file "namespace.stan", line 2, characters 7-16:
 >   real namespace;
Identifier namespace clashes with reserved keyword.

  $ ../../../../../install/default/bin/stanc new.stan

Semantic error at file "new.stan", line 2, characters 7-10:
 >   real new;
Identifier new clashes with reserved keyword.

  $ ../../../../../install/default/bin/stanc noexcept.stan

Semantic error at file "noexcept.stan", line 2, characters 7-15:
 >   real noexcept;
Identifier noexcept clashes with reserved keyword.

  $ ../../../../../install/default/bin/stanc not.stan

Semantic error at file "not.stan", line 2, characters 7-10:
 >   real not;
Identifier not clashes with reserved keyword.

  $ ../../../../../install/default/bin/stanc not_eq.stan

Semantic error at file "not_eq.stan", line 2, characters 7-13:
 >   real not_eq;
Identifier not_eq clashes with reserved keyword.

  $ ../../../../../install/default/bin/stanc nullptr.stan

Semantic error at file "nullptr.stan", line 2, characters 7-14:
 >   real nullptr;
Identifier nullptr clashes with reserved keyword.

  $ ../../../../../install/default/bin/stanc operator.stan

Semantic error at file "operator.stan", line 2, characters 7-15:
 >   real operator;
Identifier operator clashes with reserved keyword.

  $ ../../../../../install/default/bin/stanc or.stan

Semantic error at file "or.stan", line 2, characters 7-9:
 >   real or;
Identifier or clashes with reserved keyword.

  $ ../../../../../install/default/bin/stanc or_eq.stan

Semantic error at file "or_eq.stan", line 2, characters 7-12:
 >   real or_eq;
Identifier or_eq clashes with reserved keyword.

  $ ../../../../../install/default/bin/stanc ordered.stan

Syntax error at file "ordered.stan", line 2, characters 2-6, parsing error:
 >   real ordered;
Identifier expected after type in top-level variable declaration.

  $ ../../../../../install/default/bin/stanc positive_ordered.stan

Syntax error at file "positive_ordered.stan", line 2, characters 2-6, parsing error:
 >   real positive_ordered;
Identifier expected after type in top-level variable declaration.

  $ ../../../../../install/default/bin/stanc private.stan

Semantic error at file "private.stan", line 2, characters 7-14:
 >   real private;
Identifier private clashes with reserved keyword.

  $ ../../../../../install/default/bin/stanc protected.stan

Semantic error at file "protected.stan", line 2, characters 7-16:
 >   real protected;
Identifier protected clashes with reserved keyword.

  $ ../../../../../install/default/bin/stanc public.stan

Semantic error at file "public.stan", line 2, characters 7-13:
 >   real public;
Identifier public clashes with reserved keyword.

  $ ../../../../../install/default/bin/stanc real.stan

Syntax error at file "real.stan", line 2, characters 2-6, parsing error:
 >   real real;
Identifier expected after type in top-level variable declaration.

  $ ../../../../../install/default/bin/stanc register.stan

Semantic error at file "register.stan", line 2, characters 7-15:
 >   real register;
Identifier register clashes with reserved keyword.

  $ ../../../../../install/default/bin/stanc reinterpret_cast.stan

Semantic error at file "reinterpret_cast.stan", line 2, characters 7-23:
 >   real reinterpret_cast;
Identifier reinterpret_cast clashes with reserved keyword.

  $ ../../../../../install/default/bin/stanc repeat.stan

Semantic error at file "repeat.stan", line 2, characters 7-13:
 >   real repeat;
Identifier repeat clashes with reserved keyword.

  $ ../../../../../install/default/bin/stanc return.stan

Syntax error at file "return.stan", line 2, characters 2-6, parsing error:
 >   real return;
Identifier expected after type in top-level variable declaration.

  $ ../../../../../install/default/bin/stanc row_vector.stan

Syntax error at file "row_vector.stan", line 2, characters 2-6, parsing error:
 >   real row_vector;
Identifier expected after type in top-level variable declaration.

  $ ../../../../../install/default/bin/stanc short.stan

Semantic error at file "short.stan", line 2, characters 7-12:
 >   real short;
Identifier short clashes with reserved keyword.

  $ ../../../../../install/default/bin/stanc signed.stan

Semantic error at file "signed.stan", line 2, characters 7-13:
 >   real signed;
Identifier signed clashes with reserved keyword.

  $ ../../../../../install/default/bin/stanc simplex.stan

Syntax error at file "simplex.stan", line 2, characters 2-6, parsing error:
 >   real simplex;
Identifier expected after type in top-level variable declaration.

  $ ../../../../../install/default/bin/stanc sizeof.stan

Semantic error at file "sizeof.stan", line 2, characters 7-13:
 >   real sizeof;
Identifier sizeof clashes with reserved keyword.

  $ ../../../../../install/default/bin/stanc static.stan

Semantic error at file "static.stan", line 2, characters 7-13:
 >   real static;
Identifier static clashes with reserved keyword.

  $ ../../../../../install/default/bin/stanc static_assert.stan

Semantic error at file "static_assert.stan", line 2, characters 7-20:
 >   real static_assert;
Identifier static_assert clashes with reserved keyword.

  $ ../../../../../install/default/bin/stanc static_cast.stan

Semantic error at file "static_cast.stan", line 2, characters 7-18:
 >   real static_cast;
Identifier static_cast clashes with reserved keyword.

  $ ../../../../../install/default/bin/stanc struct.stan

Semantic error at file "struct.stan", line 2, characters 7-13:
 >   real struct;
Identifier struct clashes with reserved keyword.

  $ ../../../../../install/default/bin/stanc switch.stan

Semantic error at file "switch.stan", line 2, characters 7-13:
 >   real switch;
Identifier switch clashes with reserved keyword.

  $ ../../../../../install/default/bin/stanc template.stan

Semantic error at file "template.stan", line 2, characters 7-15:
 >   real template;
Identifier template clashes with reserved keyword.

  $ ../../../../../install/default/bin/stanc then.stan

Semantic error at file "then.stan", line 2, characters 7-11:
 >   real then;
Identifier then clashes with reserved keyword.

  $ ../../../../../install/default/bin/stanc this.stan

Semantic error at file "this.stan", line 2, characters 7-11:
 >   real this;
Identifier this clashes with reserved keyword.

  $ ../../../../../install/default/bin/stanc thread_local.stan

Semantic error at file "thread_local.stan", line 2, characters 7-19:
 >   real thread_local;
Identifier thread_local clashes with reserved keyword.

  $ ../../../../../install/default/bin/stanc throw.stan

Semantic error at file "throw.stan", line 2, characters 7-12:
 >   real throw;
Identifier throw clashes with reserved keyword.

  $ ../../../../../install/default/bin/stanc true.stan

Semantic error at file "true.stan", line 2, characters 7-11:
 >   real true;
Identifier true clashes with reserved keyword.

  $ ../../../../../install/default/bin/stanc try.stan

Semantic error at file "try.stan", line 2, characters 7-10:
 >   real try;
Identifier try clashes with reserved keyword.

  $ ../../../../../install/default/bin/stanc typedef.stan

Semantic error at file "typedef.stan", line 2, characters 7-14:
 >   real typedef;
Identifier typedef clashes with reserved keyword.

  $ ../../../../../install/default/bin/stanc typeid.stan

Semantic error at file "typeid.stan", line 2, characters 7-13:
 >   real typeid;
Identifier typeid clashes with reserved keyword.

  $ ../../../../../install/default/bin/stanc typename.stan

Semantic error at file "typename.stan", line 2, characters 7-15:
 >   real typename;
Identifier typename clashes with reserved keyword.

  $ ../../../../../install/default/bin/stanc union.stan

Semantic error at file "union.stan", line 2, characters 7-12:
 >   real union;
Identifier union clashes with reserved keyword.

  $ ../../../../../install/default/bin/stanc unit_vector.stan

Syntax error at file "unit_vector.stan", line 2, characters 2-6, parsing error:
 >   real unit_vector;
Identifier expected after type in top-level variable declaration.

  $ ../../../../../install/default/bin/stanc unsigned.stan

Semantic error at file "unsigned.stan", line 2, characters 7-15:
 >   real unsigned;
Identifier unsigned clashes with reserved keyword.

  $ ../../../../../install/default/bin/stanc until.stan

Semantic error at file "until.stan", line 2, characters 7-12:
 >   real until;
Identifier until clashes with reserved keyword.

  $ ../../../../../install/default/bin/stanc using.stan

Semantic error at file "using.stan", line 2, characters 7-12:
 >   real using;
Identifier using clashes with reserved keyword.

  $ ../../../../../install/default/bin/stanc var.stan

Semantic error at file "var.stan", line 2, characters 7-10:
 >   real var;
Identifier var clashes with reserved keyword.

  $ ../../../../../install/default/bin/stanc vector.stan

Syntax error at file "vector.stan", line 2, characters 2-6, parsing error:
 >   real vector;
Identifier expected after type in top-level variable declaration.

  $ ../../../../../install/default/bin/stanc virtual.stan

Semantic error at file "virtual.stan", line 2, characters 7-14:
 >   real virtual;
Identifier virtual clashes with reserved keyword.

  $ ../../../../../install/default/bin/stanc void.stan

Syntax error at file "void.stan", line 2, characters 2-6, parsing error:
 >   real void;
Identifier expected after type in top-level variable declaration.

  $ ../../../../../install/default/bin/stanc volatile.stan

Semantic error at file "volatile.stan", line 2, characters 7-15:
 >   real volatile;
Identifier volatile clashes with reserved keyword.

  $ ../../../../../install/default/bin/stanc wchar_t.stan

Semantic error at file "wchar_t.stan", line 2, characters 7-14:
 >   real wchar_t;
Identifier wchar_t clashes with reserved keyword.

  $ ../../../../../install/default/bin/stanc while.stan

Syntax error at file "while.stan", line 2, characters 2-6, parsing error:
 >   real while;
Identifier expected after type in top-level variable declaration.

  $ ../../../../../install/default/bin/stanc xor.stan

Semantic error at file "xor.stan", line 2, characters 7-10:
 >   real xor;
Identifier xor clashes with reserved keyword.

  $ ../../../../../install/default/bin/stanc xor_eq.stan

Semantic error at file "xor_eq.stan", line 2, characters 7-13:
 >   real xor_eq;
Identifier xor_eq clashes with reserved keyword.

