  $ ../../../../../install/default/bin/stanc bad_bdf_control_function_return.stan

Semantic error at file "bad_bdf_control_function_return.stan", line 13, characters 6-151:
 >     = integrate_ode_bdf(twoCptModelODE,
Ill-typed arguments supplied to function integrate_ode_bdf. Available signatures: 
((real, real[], real[], data real[], data int[]) => real[], real[], data real, data real[], real[], data real[], data int[], data real, data real, data real) => real[][]
((real, real[], real[], data real[], data int[]) => real[], real[], data real, data real[], real[], data real[], data int[]) => real[][]
Instead supplied arguments of incompatible type: (real, real[], real[], real[], int[]) => real, real[], real, real[], real[], real[], int[], int, int, int.

  $ ../../../../../install/default/bin/stanc bad_fun_type.stan

Semantic error at file "bad_fun_type.stan", line 27, characters 11-330:
 >   y_hat <- integrate_ode(harm_osc_ode,  // system
Ill-typed arguments supplied to function integrate_ode. Available signatures: 
((real, real[], real[], data real[], data int[]) => real[], real[], data real, data real[], real[], data real[], data int[]) => real[][]
Instead supplied arguments of incompatible type: (real[], real[], real[], real[], int[]) => real[], real[], real, real[], real[], real[], int[].

  $ ../../../../../install/default/bin/stanc bad_fun_type_bdf.stan

Semantic error at file "bad_fun_type_bdf.stan", line 27, characters 11-334:
 >   y_hat <- integrate_ode_bdf(harm_osc_ode,  // system
Ill-typed arguments supplied to function integrate_ode_bdf. Available signatures: 
((real, real[], real[], data real[], data int[]) => real[], real[], data real, data real[], real[], data real[], data int[], data real, data real, data real) => real[][]
((real, real[], real[], data real[], data int[]) => real[], real[], data real, data real[], real[], data real[], data int[]) => real[][]
Instead supplied arguments of incompatible type: (real[], real[], real[], real[], int[]) => real[], real[], real, real[], real[], real[], int[].

  $ ../../../../../install/default/bin/stanc bad_fun_type_bdf_control.stan

Semantic error at file "bad_fun_type_bdf_control.stan", line 27, characters 11-350:
 >   y_hat <- integrate_ode_bdf(harm_osc_ode,  // system
Ill-typed arguments supplied to function integrate_ode_bdf. Available signatures: 
((real, real[], real[], data real[], data int[]) => real[], real[], data real, data real[], real[], data real[], data int[], data real, data real, data real) => real[][]
((real, real[], real[], data real[], data int[]) => real[], real[], data real, data real[], real[], data real[], data int[]) => real[][]
Instead supplied arguments of incompatible type: (real[], real[], real[], real[], int[]) => real[], real[], real, real[], real[], real[], int[], real, real, int.

  $ ../../../../../install/default/bin/stanc bad_fun_type_rk45.stan

Semantic error at file "bad_fun_type_rk45.stan", line 27, characters 11-335:
 >   y_hat <- integrate_ode_rk45(harm_osc_ode,  // system
Ill-typed arguments supplied to function integrate_ode_rk45. Available signatures: 
((real, real[], real[], data real[], data int[]) => real[], real[], data real, data real[], real[], data real[], data int[], data real, data real, data real) => real[][]
((real, real[], real[], data real[], data int[]) => real[], real[], data real, data real[], real[], data real[], data int[]) => real[][]
Instead supplied arguments of incompatible type: (real[], real[], real[], real[], int[]) => real[], real[], real, real[], real[], real[], int[].

  $ ../../../../../install/default/bin/stanc bad_fun_type_rk45_control.stan

Semantic error at file "bad_fun_type_rk45_control.stan", line 27, characters 11-351:
 >   y_hat <- integrate_ode_rk45(harm_osc_ode,  // system
Ill-typed arguments supplied to function integrate_ode_rk45. Available signatures: 
((real, real[], real[], data real[], data int[]) => real[], real[], data real, data real[], real[], data real[], data int[], data real, data real, data real) => real[][]
((real, real[], real[], data real[], data int[]) => real[], real[], data real, data real[], real[], data real[], data int[]) => real[][]
Instead supplied arguments of incompatible type: (real[], real[], real[], real[], int[]) => real[], real[], real, real[], real[], real[], int[], real, real, int.

  $ ../../../../../install/default/bin/stanc bad_t0_var_type.stan

Semantic error at file "bad_t0_var_type.stan", line 26, characters 11-330:
 >   y_hat <- integrate_ode(harm_osc_ode,  // system
Ill-typed arguments supplied to function integrate_ode. Available signatures: 
((real, real[], real[], data real[], data int[]) => real[], real[], data real, data real[], real[], data real[], data int[]) => real[][]
Instead supplied arguments of incompatible type: (real, real[], real[], real[], int[]) => real[], real[], real, real[], real[], real[], int[].

  $ ../../../../../install/default/bin/stanc bad_t0_var_type_bdf.stan

Semantic error at file "bad_t0_var_type_bdf.stan", line 26, characters 11-334:
 >   y_hat <- integrate_ode_bdf(harm_osc_ode,  // system
Ill-typed arguments supplied to function integrate_ode_bdf. Available signatures: 
((real, real[], real[], data real[], data int[]) => real[], real[], data real, data real[], real[], data real[], data int[], data real, data real, data real) => real[][]
((real, real[], real[], data real[], data int[]) => real[], real[], data real, data real[], real[], data real[], data int[]) => real[][]
Instead supplied arguments of incompatible type: (real, real[], real[], real[], int[]) => real[], real[], real, real[], real[], real[], int[].

  $ ../../../../../install/default/bin/stanc bad_t0_var_type_bdf_control.stan

Semantic error at file "bad_t0_var_type_bdf_control.stan", line 26, characters 11-350:
 >   y_hat <- integrate_ode_bdf(harm_osc_ode,  // system
Ill-typed arguments supplied to function integrate_ode_bdf. Available signatures: 
((real, real[], real[], data real[], data int[]) => real[], real[], data real, data real[], real[], data real[], data int[], data real, data real, data real) => real[][]
((real, real[], real[], data real[], data int[]) => real[], real[], data real, data real[], real[], data real[], data int[]) => real[][]
Instead supplied arguments of incompatible type: (real, real[], real[], real[], int[]) => real[], real[], real, real[], real[], real[], int[], real, real, int.

  $ ../../../../../install/default/bin/stanc bad_t0_var_type_rk45.stan

Semantic error at file "bad_t0_var_type_rk45.stan", line 26, characters 11-335:
 >   y_hat <- integrate_ode_rk45(harm_osc_ode,  // system
Ill-typed arguments supplied to function integrate_ode_rk45. Available signatures: 
((real, real[], real[], data real[], data int[]) => real[], real[], data real, data real[], real[], data real[], data int[], data real, data real, data real) => real[][]
((real, real[], real[], data real[], data int[]) => real[], real[], data real, data real[], real[], data real[], data int[]) => real[][]
Instead supplied arguments of incompatible type: (real, real[], real[], real[], int[]) => real[], real[], real, real[], real[], real[], int[].

  $ ../../../../../install/default/bin/stanc bad_t0_var_type_rk45_control.stan

Semantic error at file "bad_t0_var_type_rk45_control.stan", line 26, characters 11-351:
 >   y_hat <- integrate_ode_rk45(harm_osc_ode,  // system
Ill-typed arguments supplied to function integrate_ode_rk45. Available signatures: 
((real, real[], real[], data real[], data int[]) => real[], real[], data real, data real[], real[], data real[], data int[], data real, data real, data real) => real[][]
((real, real[], real[], data real[], data int[]) => real[], real[], data real, data real[], real[], data real[], data int[]) => real[][]
Instead supplied arguments of incompatible type: (real, real[], real[], real[], int[]) => real[], real[], real, real[], real[], real[], int[], real, real, int.

  $ ../../../../../install/default/bin/stanc bad_t_type.stan

Semantic error at file "bad_t_type.stan", line 26, characters 11-330:
 >   y_hat <- integrate_ode(harm_osc_ode,  // system
Ill-typed arguments supplied to function integrate_ode. Available signatures: 
((real, real[], real[], data real[], data int[]) => real[], real[], data real, data real[], real[], data real[], data int[]) => real[][]
Instead supplied arguments of incompatible type: (real, real[], real[], real[], int[]) => real[], real[], matrix, real[], real[], real[], int[].

  $ ../../../../../install/default/bin/stanc bad_t_type_bdf.stan

Semantic error at file "bad_t_type_bdf.stan", line 26, characters 11-334:
 >   y_hat <- integrate_ode_bdf(harm_osc_ode,  // system
Ill-typed arguments supplied to function integrate_ode_bdf. Available signatures: 
((real, real[], real[], data real[], data int[]) => real[], real[], data real, data real[], real[], data real[], data int[], data real, data real, data real) => real[][]
((real, real[], real[], data real[], data int[]) => real[], real[], data real, data real[], real[], data real[], data int[]) => real[][]
Instead supplied arguments of incompatible type: (real, real[], real[], real[], int[]) => real[], real[], matrix, real[], real[], real[], int[].

  $ ../../../../../install/default/bin/stanc bad_t_type_bdf_control.stan

Semantic error at file "bad_t_type_bdf_control.stan", line 26, characters 11-350:
 >   y_hat <- integrate_ode_bdf(harm_osc_ode,  // system
Ill-typed arguments supplied to function integrate_ode_bdf. Available signatures: 
((real, real[], real[], data real[], data int[]) => real[], real[], data real, data real[], real[], data real[], data int[], data real, data real, data real) => real[][]
((real, real[], real[], data real[], data int[]) => real[], real[], data real, data real[], real[], data real[], data int[]) => real[][]
Instead supplied arguments of incompatible type: (real, real[], real[], real[], int[]) => real[], real[], matrix, real[], real[], real[], int[], real, real, int.

  $ ../../../../../install/default/bin/stanc bad_t_type_rk45.stan

Semantic error at file "bad_t_type_rk45.stan", line 26, characters 11-335:
 >   y_hat <- integrate_ode_rk45(harm_osc_ode,  // system
Ill-typed arguments supplied to function integrate_ode_rk45. Available signatures: 
((real, real[], real[], data real[], data int[]) => real[], real[], data real, data real[], real[], data real[], data int[], data real, data real, data real) => real[][]
((real, real[], real[], data real[], data int[]) => real[], real[], data real, data real[], real[], data real[], data int[]) => real[][]
Instead supplied arguments of incompatible type: (real, real[], real[], real[], int[]) => real[], real[], matrix, real[], real[], real[], int[].

  $ ../../../../../install/default/bin/stanc bad_t_type_rk45_control.stan

Semantic error at file "bad_t_type_rk45_control.stan", line 26, characters 11-351:
 >   y_hat <- integrate_ode_rk45(harm_osc_ode,  // system
Ill-typed arguments supplied to function integrate_ode_rk45. Available signatures: 
((real, real[], real[], data real[], data int[]) => real[], real[], data real, data real[], real[], data real[], data int[], data real, data real, data real) => real[][]
((real, real[], real[], data real[], data int[]) => real[], real[], data real, data real[], real[], data real[], data int[]) => real[][]
Instead supplied arguments of incompatible type: (real, real[], real[], real[], int[]) => real[], real[], matrix, real[], real[], real[], int[], real, real, int.

  $ ../../../../../install/default/bin/stanc bad_theta_type.stan

Semantic error at file "bad_theta_type.stan", line 27, characters 11-330:
 >   y_hat <- integrate_ode(harm_osc_ode,  // system
Ill-typed arguments supplied to function integrate_ode. Available signatures: 
((real, real[], real[], data real[], data int[]) => real[], real[], data real, data real[], real[], data real[], data int[]) => real[][]
Instead supplied arguments of incompatible type: (real, real[], real[], real[], int[]) => real[], real[], real, real[], real[][], real[], int[].

  $ ../../../../../install/default/bin/stanc bad_theta_type_bdf.stan

Semantic error at file "bad_theta_type_bdf.stan", line 27, characters 11-334:
 >   y_hat <- integrate_ode_bdf(harm_osc_ode,  // system
Ill-typed arguments supplied to function integrate_ode_bdf. Available signatures: 
((real, real[], real[], data real[], data int[]) => real[], real[], data real, data real[], real[], data real[], data int[], data real, data real, data real) => real[][]
((real, real[], real[], data real[], data int[]) => real[], real[], data real, data real[], real[], data real[], data int[]) => real[][]
Instead supplied arguments of incompatible type: (real, real[], real[], real[], int[]) => real[], real[], real, real[], real[][], real[], int[].

  $ ../../../../../install/default/bin/stanc bad_theta_type_bdf_control.stan

Semantic error at file "bad_theta_type_bdf_control.stan", line 27, characters 11-350:
 >   y_hat <- integrate_ode_bdf(harm_osc_ode,  // system
Ill-typed arguments supplied to function integrate_ode_bdf. Available signatures: 
((real, real[], real[], data real[], data int[]) => real[], real[], data real, data real[], real[], data real[], data int[], data real, data real, data real) => real[][]
((real, real[], real[], data real[], data int[]) => real[], real[], data real, data real[], real[], data real[], data int[]) => real[][]
Instead supplied arguments of incompatible type: (real, real[], real[], real[], int[]) => real[], real[], real, real[], real[][], real[], int[], real, real, int.

  $ ../../../../../install/default/bin/stanc bad_theta_type_rk45.stan

Semantic error at file "bad_theta_type_rk45.stan", line 27, characters 11-335:
 >   y_hat <- integrate_ode_rk45(harm_osc_ode,  // system
Ill-typed arguments supplied to function integrate_ode_rk45. Available signatures: 
((real, real[], real[], data real[], data int[]) => real[], real[], data real, data real[], real[], data real[], data int[], data real, data real, data real) => real[][]
((real, real[], real[], data real[], data int[]) => real[], real[], data real, data real[], real[], data real[], data int[]) => real[][]
Instead supplied arguments of incompatible type: (real, real[], real[], real[], int[]) => real[], real[], real, real[], real[][], real[], int[].

  $ ../../../../../install/default/bin/stanc bad_theta_type_rk45_control.stan

Semantic error at file "bad_theta_type_rk45_control.stan", line 27, characters 11-351:
 >   y_hat <- integrate_ode_rk45(harm_osc_ode,  // system
Ill-typed arguments supplied to function integrate_ode_rk45. Available signatures: 
((real, real[], real[], data real[], data int[]) => real[], real[], data real, data real[], real[], data real[], data int[], data real, data real, data real) => real[][]
((real, real[], real[], data real[], data int[]) => real[], real[], data real, data real[], real[], data real[], data int[]) => real[][]
Instead supplied arguments of incompatible type: (real, real[], real[], real[], int[]) => real[], real[], real, real[], real[][], real[], int[], real, real, int.

  $ ../../../../../install/default/bin/stanc bad_ts_type.stan

Semantic error at file "bad_ts_type.stan", line 26, characters 11-330:
 >   y_hat <- integrate_ode(harm_osc_ode,  // system
Ill-typed arguments supplied to function integrate_ode. Available signatures: 
((real, real[], real[], data real[], data int[]) => real[], real[], data real, data real[], real[], data real[], data int[]) => real[][]
Instead supplied arguments of incompatible type: (real, real[], real[], real[], int[]) => real[], real[], real, real[][], real[], real[], int[].

  $ ../../../../../install/default/bin/stanc bad_ts_type_bdf.stan

Semantic error at file "bad_ts_type_bdf.stan", line 26, characters 11-334:
 >   y_hat <- integrate_ode_bdf(harm_osc_ode,  // system
Ill-typed arguments supplied to function integrate_ode_bdf. Available signatures: 
((real, real[], real[], data real[], data int[]) => real[], real[], data real, data real[], real[], data real[], data int[], data real, data real, data real) => real[][]
((real, real[], real[], data real[], data int[]) => real[], real[], data real, data real[], real[], data real[], data int[]) => real[][]
Instead supplied arguments of incompatible type: (real, real[], real[], real[], int[]) => real[], real[], real, real[][], real[], real[], int[].

  $ ../../../../../install/default/bin/stanc bad_ts_type_bdf_control.stan

Semantic error at file "bad_ts_type_bdf_control.stan", line 26, characters 11-350:
 >   y_hat <- integrate_ode_bdf(harm_osc_ode,  // system
Ill-typed arguments supplied to function integrate_ode_bdf. Available signatures: 
((real, real[], real[], data real[], data int[]) => real[], real[], data real, data real[], real[], data real[], data int[], data real, data real, data real) => real[][]
((real, real[], real[], data real[], data int[]) => real[], real[], data real, data real[], real[], data real[], data int[]) => real[][]
Instead supplied arguments of incompatible type: (real, real[], real[], real[], int[]) => real[], real[], real, real[][], real[], real[], int[], real, real, int.

  $ ../../../../../install/default/bin/stanc bad_ts_type_rk45.stan

Semantic error at file "bad_ts_type_rk45.stan", line 26, characters 11-335:
 >   y_hat <- integrate_ode_rk45(harm_osc_ode,  // system
Ill-typed arguments supplied to function integrate_ode_rk45. Available signatures: 
((real, real[], real[], data real[], data int[]) => real[], real[], data real, data real[], real[], data real[], data int[], data real, data real, data real) => real[][]
((real, real[], real[], data real[], data int[]) => real[], real[], data real, data real[], real[], data real[], data int[]) => real[][]
Instead supplied arguments of incompatible type: (real, real[], real[], real[], int[]) => real[], real[], real, real[][], real[], real[], int[].

  $ ../../../../../install/default/bin/stanc bad_ts_type_rk45_control.stan

Semantic error at file "bad_ts_type_rk45_control.stan", line 26, characters 11-351:
 >   y_hat <- integrate_ode_rk45(harm_osc_ode,  // system
Ill-typed arguments supplied to function integrate_ode_rk45. Available signatures: 
((real, real[], real[], data real[], data int[]) => real[], real[], data real, data real[], real[], data real[], data int[], data real, data real, data real) => real[][]
((real, real[], real[], data real[], data int[]) => real[], real[], data real, data real[], real[], data real[], data int[]) => real[][]
Instead supplied arguments of incompatible type: (real, real[], real[], real[], int[]) => real[], real[], real, real[][], real[], real[], int[], real, real, int.

  $ ../../../../../install/default/bin/stanc bad_ts_var_type.stan

Semantic error at file "bad_ts_var_type.stan", line 26, characters 11-330:
 >   y_hat <- integrate_ode(harm_osc_ode,  // system
Ill-typed arguments supplied to function integrate_ode. Available signatures: 
((real, real[], real[], data real[], data int[]) => real[], real[], data real, data real[], real[], data real[], data int[]) => real[][]
Instead supplied arguments of incompatible type: (real, real[], real[], real[], int[]) => real[], real[], real, real[], real[], real[], int[].

  $ ../../../../../install/default/bin/stanc bad_ts_var_type_bdf.stan

Semantic error at file "bad_ts_var_type_bdf.stan", line 26, characters 11-334:
 >   y_hat <- integrate_ode_bdf(harm_osc_ode,  // system
Ill-typed arguments supplied to function integrate_ode_bdf. Available signatures: 
((real, real[], real[], data real[], data int[]) => real[], real[], data real, data real[], real[], data real[], data int[], data real, data real, data real) => real[][]
((real, real[], real[], data real[], data int[]) => real[], real[], data real, data real[], real[], data real[], data int[]) => real[][]
Instead supplied arguments of incompatible type: (real, real[], real[], real[], int[]) => real[], real[], real, real[], real[], real[], int[].

  $ ../../../../../install/default/bin/stanc bad_ts_var_type_bdf_control.stan

Semantic error at file "bad_ts_var_type_bdf_control.stan", line 26, characters 11-350:
 >   y_hat <- integrate_ode_bdf(harm_osc_ode,  // system
Ill-typed arguments supplied to function integrate_ode_bdf. Available signatures: 
((real, real[], real[], data real[], data int[]) => real[], real[], data real, data real[], real[], data real[], data int[], data real, data real, data real) => real[][]
((real, real[], real[], data real[], data int[]) => real[], real[], data real, data real[], real[], data real[], data int[]) => real[][]
Instead supplied arguments of incompatible type: (real, real[], real[], real[], int[]) => real[], real[], real, real[], real[], real[], int[], real, real, int.

  $ ../../../../../install/default/bin/stanc bad_ts_var_type_rk45.stan

Semantic error at file "bad_ts_var_type_rk45.stan", line 26, characters 11-335:
 >   y_hat <- integrate_ode_rk45(harm_osc_ode,  // system
Ill-typed arguments supplied to function integrate_ode_rk45. Available signatures: 
((real, real[], real[], data real[], data int[]) => real[], real[], data real, data real[], real[], data real[], data int[], data real, data real, data real) => real[][]
((real, real[], real[], data real[], data int[]) => real[], real[], data real, data real[], real[], data real[], data int[]) => real[][]
Instead supplied arguments of incompatible type: (real, real[], real[], real[], int[]) => real[], real[], real, real[], real[], real[], int[].

  $ ../../../../../install/default/bin/stanc bad_ts_var_type_rk45_control.stan

Semantic error at file "bad_ts_var_type_rk45_control.stan", line 26, characters 11-351:
 >   y_hat <- integrate_ode_rk45(harm_osc_ode,  // system
Ill-typed arguments supplied to function integrate_ode_rk45. Available signatures: 
((real, real[], real[], data real[], data int[]) => real[], real[], data real, data real[], real[], data real[], data int[], data real, data real, data real) => real[][]
((real, real[], real[], data real[], data int[]) => real[], real[], data real, data real[], real[], data real[], data int[]) => real[][]
Instead supplied arguments of incompatible type: (real, real[], real[], real[], int[]) => real[], real[], real, real[], real[], real[], int[], real, real, int.

  $ ../../../../../install/default/bin/stanc bad_x_int_type.stan

Semantic error at file "bad_x_int_type.stan", line 26, characters 11-330:
 >   y_hat <- integrate_ode(harm_osc_ode,  // system
Ill-typed arguments supplied to function integrate_ode. Available signatures: 
((real, real[], real[], data real[], data int[]) => real[], real[], data real, data real[], real[], data real[], data int[]) => real[][]
Instead supplied arguments of incompatible type: (real, real[], real[], real[], int[]) => real[], real[], real, real[], real[], real[], int[][].

  $ ../../../../../install/default/bin/stanc bad_x_int_type_bdf.stan

Semantic error at file "bad_x_int_type_bdf.stan", line 26, characters 11-334:
 >   y_hat <- integrate_ode_bdf(harm_osc_ode,  // system
Ill-typed arguments supplied to function integrate_ode_bdf. Available signatures: 
((real, real[], real[], data real[], data int[]) => real[], real[], data real, data real[], real[], data real[], data int[], data real, data real, data real) => real[][]
((real, real[], real[], data real[], data int[]) => real[], real[], data real, data real[], real[], data real[], data int[]) => real[][]
Instead supplied arguments of incompatible type: (real, real[], real[], real[], int[]) => real[], real[], real, real[], real[], real[], int[][].

  $ ../../../../../install/default/bin/stanc bad_x_int_type_bdf_control.stan

Semantic error at file "bad_x_int_type_bdf_control.stan", line 26, characters 11-350:
 >   y_hat <- integrate_ode_bdf(harm_osc_ode,  // system
Ill-typed arguments supplied to function integrate_ode_bdf. Available signatures: 
((real, real[], real[], data real[], data int[]) => real[], real[], data real, data real[], real[], data real[], data int[], data real, data real, data real) => real[][]
((real, real[], real[], data real[], data int[]) => real[], real[], data real, data real[], real[], data real[], data int[]) => real[][]
Instead supplied arguments of incompatible type: (real, real[], real[], real[], int[]) => real[], real[], real, real[], real[], real[], int[][], real, real, int.

  $ ../../../../../install/default/bin/stanc bad_x_int_type_rk45.stan

Semantic error at file "bad_x_int_type_rk45.stan", line 26, characters 11-335:
 >   y_hat <- integrate_ode_rk45(harm_osc_ode,  // system
Ill-typed arguments supplied to function integrate_ode_rk45. Available signatures: 
((real, real[], real[], data real[], data int[]) => real[], real[], data real, data real[], real[], data real[], data int[], data real, data real, data real) => real[][]
((real, real[], real[], data real[], data int[]) => real[], real[], data real, data real[], real[], data real[], data int[]) => real[][]
Instead supplied arguments of incompatible type: (real, real[], real[], real[], int[]) => real[], real[], real, real[], real[], real[], int[][].

  $ ../../../../../install/default/bin/stanc bad_x_int_type_rk45_control.stan

Semantic error at file "bad_x_int_type_rk45_control.stan", line 26, characters 11-351:
 >   y_hat <- integrate_ode_rk45(harm_osc_ode,  // system
Ill-typed arguments supplied to function integrate_ode_rk45. Available signatures: 
((real, real[], real[], data real[], data int[]) => real[], real[], data real, data real[], real[], data real[], data int[], data real, data real, data real) => real[][]
((real, real[], real[], data real[], data int[]) => real[], real[], data real, data real[], real[], data real[], data int[]) => real[][]
Instead supplied arguments of incompatible type: (real, real[], real[], real[], int[]) => real[], real[], real, real[], real[], real[], int[][], real, real, int.

  $ ../../../../../install/default/bin/stanc bad_x_type.stan

Semantic error at file "bad_x_type.stan", line 27, characters 11-330:
 >   y_hat <- integrate_ode(harm_osc_ode,  // system
Ill-typed arguments supplied to function integrate_ode. Available signatures: 
((real, real[], real[], data real[], data int[]) => real[], real[], data real, data real[], real[], data real[], data int[]) => real[][]
Instead supplied arguments of incompatible type: (real, real[], real[], real[], int[]) => real[], real[], real, real[], real[], vector[], int[].

  $ ../../../../../install/default/bin/stanc bad_x_type_bdf.stan

Semantic error at file "bad_x_type_bdf.stan", line 27, characters 11-334:
 >   y_hat <- integrate_ode_bdf(harm_osc_ode,  // system
Ill-typed arguments supplied to function integrate_ode_bdf. Available signatures: 
((real, real[], real[], data real[], data int[]) => real[], real[], data real, data real[], real[], data real[], data int[], data real, data real, data real) => real[][]
((real, real[], real[], data real[], data int[]) => real[], real[], data real, data real[], real[], data real[], data int[]) => real[][]
Instead supplied arguments of incompatible type: (real, real[], real[], real[], int[]) => real[], real[], real, real[], real[], vector[], int[].

  $ ../../../../../install/default/bin/stanc bad_x_type_bdf_control.stan

Semantic error at file "bad_x_type_bdf_control.stan", line 27, characters 11-350:
 >   y_hat <- integrate_ode_bdf(harm_osc_ode,  // system
Ill-typed arguments supplied to function integrate_ode_bdf. Available signatures: 
((real, real[], real[], data real[], data int[]) => real[], real[], data real, data real[], real[], data real[], data int[], data real, data real, data real) => real[][]
((real, real[], real[], data real[], data int[]) => real[], real[], data real, data real[], real[], data real[], data int[]) => real[][]
Instead supplied arguments of incompatible type: (real, real[], real[], real[], int[]) => real[], real[], real, real[], real[], vector[], int[], real, real, int.

  $ ../../../../../install/default/bin/stanc bad_x_type_rk45.stan

Semantic error at file "bad_x_type_rk45.stan", line 27, characters 11-335:
 >   y_hat <- integrate_ode_rk45(harm_osc_ode,  // system
Ill-typed arguments supplied to function integrate_ode_rk45. Available signatures: 
((real, real[], real[], data real[], data int[]) => real[], real[], data real, data real[], real[], data real[], data int[], data real, data real, data real) => real[][]
((real, real[], real[], data real[], data int[]) => real[], real[], data real, data real[], real[], data real[], data int[]) => real[][]
Instead supplied arguments of incompatible type: (real, real[], real[], real[], int[]) => real[], real[], real, real[], real[], vector[], int[].

  $ ../../../../../install/default/bin/stanc bad_x_type_rk45_control.stan

Semantic error at file "bad_x_type_rk45_control.stan", line 27, characters 11-351:
 >   y_hat <- integrate_ode_rk45(harm_osc_ode,  // system
Ill-typed arguments supplied to function integrate_ode_rk45. Available signatures: 
((real, real[], real[], data real[], data int[]) => real[], real[], data real, data real[], real[], data real[], data int[], data real, data real, data real) => real[][]
((real, real[], real[], data real[], data int[]) => real[], real[], data real, data real[], real[], data real[], data int[]) => real[][]
Instead supplied arguments of incompatible type: (real, real[], real[], real[], int[]) => real[], real[], real, real[], real[], vector[], int[], real, real, int.

  $ ../../../../../install/default/bin/stanc bad_x_var_type.stan

Semantic error at file "bad_x_var_type.stan", line 26, characters 11-330:
 >   y_hat <- integrate_ode(harm_osc_ode,  // system
Ill-typed arguments supplied to function integrate_ode. Available signatures: 
((real, real[], real[], data real[], data int[]) => real[], real[], data real, data real[], real[], data real[], data int[]) => real[][]
Instead supplied arguments of incompatible type: (real, real[], real[], real[], int[]) => real[], real[], real, real[], real[], real[], int[].

  $ ../../../../../install/default/bin/stanc bad_x_var_type_bdf.stan

Semantic error at file "bad_x_var_type_bdf.stan", line 26, characters 11-334:
 >   y_hat <- integrate_ode_bdf(harm_osc_ode,  // system
Ill-typed arguments supplied to function integrate_ode_bdf. Available signatures: 
((real, real[], real[], data real[], data int[]) => real[], real[], data real, data real[], real[], data real[], data int[], data real, data real, data real) => real[][]
((real, real[], real[], data real[], data int[]) => real[], real[], data real, data real[], real[], data real[], data int[]) => real[][]
Instead supplied arguments of incompatible type: (real, real[], real[], real[], int[]) => real[], real[], real, real[], real[], real[], int[].

  $ ../../../../../install/default/bin/stanc bad_x_var_type_bdf_control.stan

Semantic error at file "bad_x_var_type_bdf_control.stan", line 26, characters 11-350:
 >   y_hat <- integrate_ode_bdf(harm_osc_ode,  // system
Ill-typed arguments supplied to function integrate_ode_bdf. Available signatures: 
((real, real[], real[], data real[], data int[]) => real[], real[], data real, data real[], real[], data real[], data int[], data real, data real, data real) => real[][]
((real, real[], real[], data real[], data int[]) => real[], real[], data real, data real[], real[], data real[], data int[]) => real[][]
Instead supplied arguments of incompatible type: (real, real[], real[], real[], int[]) => real[], real[], real, real[], real[], real[], int[], real, real, int.

  $ ../../../../../install/default/bin/stanc bad_x_var_type_rk45.stan

Semantic error at file "bad_x_var_type_rk45.stan", line 26, characters 11-335:
 >   y_hat <- integrate_ode_rk45(harm_osc_ode,  // system
Ill-typed arguments supplied to function integrate_ode_rk45. Available signatures: 
((real, real[], real[], data real[], data int[]) => real[], real[], data real, data real[], real[], data real[], data int[], data real, data real, data real) => real[][]
((real, real[], real[], data real[], data int[]) => real[], real[], data real, data real[], real[], data real[], data int[]) => real[][]
Instead supplied arguments of incompatible type: (real, real[], real[], real[], int[]) => real[], real[], real, real[], real[], real[], int[].

  $ ../../../../../install/default/bin/stanc bad_x_var_type_rk45_control.stan

Semantic error at file "bad_x_var_type_rk45_control.stan", line 26, characters 11-351:
 >   y_hat <- integrate_ode_rk45(harm_osc_ode,  // system
Ill-typed arguments supplied to function integrate_ode_rk45. Available signatures: 
((real, real[], real[], data real[], data int[]) => real[], real[], data real, data real[], real[], data real[], data int[], data real, data real, data real) => real[][]
((real, real[], real[], data real[], data int[]) => real[], real[], data real, data real[], real[], data real[], data int[]) => real[][]
Instead supplied arguments of incompatible type: (real, real[], real[], real[], int[]) => real[], real[], real, real[], real[], real[], int[], real, real, int.

  $ ../../../../../install/default/bin/stanc bad_y_type.stan

Semantic error at file "bad_y_type.stan", line 26, characters 11-330:
 >   y_hat <- integrate_ode(harm_osc_ode,  // system
Ill-typed arguments supplied to function integrate_ode. Available signatures: 
((real, real[], real[], data real[], data int[]) => real[], real[], data real, data real[], real[], data real[], data int[]) => real[][]
Instead supplied arguments of incompatible type: (real, real[], real[], real[], int[]) => real[], real[][], real, real[], real[], real[], int[].

  $ ../../../../../install/default/bin/stanc bad_y_type_bdf.stan

Semantic error at file "bad_y_type_bdf.stan", line 26, characters 11-334:
 >   y_hat <- integrate_ode_bdf(harm_osc_ode,  // system
Ill-typed arguments supplied to function integrate_ode_bdf. Available signatures: 
((real, real[], real[], data real[], data int[]) => real[], real[], data real, data real[], real[], data real[], data int[], data real, data real, data real) => real[][]
((real, real[], real[], data real[], data int[]) => real[], real[], data real, data real[], real[], data real[], data int[]) => real[][]
Instead supplied arguments of incompatible type: (real, real[], real[], real[], int[]) => real[], real[][], real, real[], real[], real[], int[].

  $ ../../../../../install/default/bin/stanc bad_y_type_bdf_control.stan

Semantic error at file "bad_y_type_bdf_control.stan", line 26, characters 11-350:
 >   y_hat <- integrate_ode_bdf(harm_osc_ode,  // system
Ill-typed arguments supplied to function integrate_ode_bdf. Available signatures: 
((real, real[], real[], data real[], data int[]) => real[], real[], data real, data real[], real[], data real[], data int[], data real, data real, data real) => real[][]
((real, real[], real[], data real[], data int[]) => real[], real[], data real, data real[], real[], data real[], data int[]) => real[][]
Instead supplied arguments of incompatible type: (real, real[], real[], real[], int[]) => real[], real[][], real, real[], real[], real[], int[], real, real, int.

  $ ../../../../../install/default/bin/stanc bad_y_type_rk45.stan

Semantic error at file "bad_y_type_rk45.stan", line 26, characters 11-335:
 >   y_hat <- integrate_ode_rk45(harm_osc_ode,  // system
Ill-typed arguments supplied to function integrate_ode_rk45. Available signatures: 
((real, real[], real[], data real[], data int[]) => real[], real[], data real, data real[], real[], data real[], data int[], data real, data real, data real) => real[][]
((real, real[], real[], data real[], data int[]) => real[], real[], data real, data real[], real[], data real[], data int[]) => real[][]
Instead supplied arguments of incompatible type: (real, real[], real[], real[], int[]) => real[], real[][], real, real[], real[], real[], int[].

  $ ../../../../../install/default/bin/stanc bad_y_type_rk45_control.stan

Semantic error at file "bad_y_type_rk45_control.stan", line 26, characters 11-351:
 >   y_hat <- integrate_ode_rk45(harm_osc_ode,  // system
Ill-typed arguments supplied to function integrate_ode_rk45. Available signatures: 
((real, real[], real[], data real[], data int[]) => real[], real[], data real, data real[], real[], data real[], data int[], data real, data real, data real) => real[][]
((real, real[], real[], data real[], data int[]) => real[], real[], data real, data real[], real[], data real[], data int[]) => real[][]
Instead supplied arguments of incompatible type: (real, real[], real[], real[], int[]) => real[], real[][], real, real[], real[], real[], int[], real, real, int.

